
===========================================================================
report_checks -path_delay min (Hold)
============================================================================
======================= Fastest Corner ===================================

Startpoint: b[7] (input port clocked by __VIRTUAL_CLK__)
Endpoint: cout (output port clocked by __VIRTUAL_CLK__)
Path Group: __VIRTUAL_CLK__
Path Type: min
Corner: Fastest

Fanout     Cap    Slew   Delay    Time   Description
-----------------------------------------------------------------------------
                  0.00    0.00    0.00   clock __VIRTUAL_CLK__ (rise edge)
                          0.00    0.00   clock network delay (ideal)
                          2.00    2.00 ^ input external delay
     1    0.00    0.02    0.01    2.01 ^ b[7] (in)
                                         b[7] (net)
                  0.02    0.00    2.01 ^ input16/A (sky130_fd_sc_hd__buf_1)
     4    0.01    0.11    0.10    2.11 ^ input16/X (sky130_fd_sc_hd__buf_1)
                                         net16 (net)
                  0.11    0.00    2.11 ^ _203_/A (sky130_fd_sc_hd__or3_4)
     2    0.01    0.03    0.09    2.20 ^ _203_/X (sky130_fd_sc_hd__or3_4)
                                         _026_ (net)
                  0.03    0.00    2.20 ^ _213_/A1 (sky130_fd_sc_hd__a21bo_1)
     1    0.01    0.04    0.07    2.27 ^ _213_/X (sky130_fd_sc_hd__a21bo_1)
                                         net21 (net)
                  0.04    0.00    2.27 ^ output21/A (sky130_fd_sc_hd__buf_6)
     1    0.03    0.06    0.08    2.35 ^ output21/X (sky130_fd_sc_hd__buf_6)
                                         cout (net)
                  0.06    0.00    2.35 ^ cout (out)
                                  2.35   data arrival time

                  0.00    0.00    0.00   clock __VIRTUAL_CLK__ (rise edge)
                          0.00    0.00   clock network delay (ideal)
                          0.25    0.25   clock uncertainty
                          0.00    0.25   clock reconvergence pessimism
                         -2.00   -1.75   output external delay
                                 -1.75   data required time
-----------------------------------------------------------------------------
                                 -1.75   data required time
                                 -2.35   data arrival time
-----------------------------------------------------------------------------
                                  4.10   slack (MET)


Startpoint: op[1] (input port clocked by __VIRTUAL_CLK__)
Endpoint: result[6] (output port clocked by __VIRTUAL_CLK__)
Path Group: __VIRTUAL_CLK__
Path Type: min
Corner: Fastest

Fanout     Cap    Slew   Delay    Time   Description
-----------------------------------------------------------------------------
                  0.00    0.00    0.00   clock __VIRTUAL_CLK__ (rise edge)
                          0.00    0.00   clock network delay (ideal)
                          2.00    2.00 ^ input external delay
     1    0.01    0.02    0.01    2.01 ^ op[1] (in)
                                         op[1] (net)
                  0.02    0.00    2.01 ^ input19/A (sky130_fd_sc_hd__buf_6)
     4    0.02    0.04    0.06    2.08 ^ input19/X (sky130_fd_sc_hd__buf_6)
                                         net19 (net)
                  0.04    0.00    2.08 ^ _105_/B (sky130_fd_sc_hd__nor2_4)
     7    0.03    0.03    0.04    2.11 v _105_/Y (sky130_fd_sc_hd__nor2_4)
                                         _039_ (net)
                  0.03    0.00    2.11 v _195_/A1 (sky130_fd_sc_hd__a32o_1)
     1    0.00    0.02    0.10    2.22 v _195_/X (sky130_fd_sc_hd__a32o_1)
                                         alu6.result (net)
                  0.02    0.00    2.22 v _225_/A (sky130_fd_sc_hd__clkbuf_1)
     1    0.00    0.02    0.05    2.26 v _225_/X (sky130_fd_sc_hd__clkbuf_1)
                                         net28 (net)
                  0.02    0.00    2.26 v output28/A (sky130_fd_sc_hd__buf_2)
     1    0.03    0.06    0.11    2.37 v output28/X (sky130_fd_sc_hd__buf_2)
                                         result[6] (net)
                  0.06    0.00    2.37 v result[6] (out)
                                  2.37   data arrival time

                  0.00    0.00    0.00   clock __VIRTUAL_CLK__ (rise edge)
                          0.00    0.00   clock network delay (ideal)
                          0.25    0.25   clock uncertainty
                          0.00    0.25   clock reconvergence pessimism
                         -2.00   -1.75   output external delay
                                 -1.75   data required time
-----------------------------------------------------------------------------
                                 -1.75   data required time
                                 -2.37   data arrival time
-----------------------------------------------------------------------------
                                  4.12   slack (MET)


Startpoint: op[1] (input port clocked by __VIRTUAL_CLK__)
Endpoint: result[5] (output port clocked by __VIRTUAL_CLK__)
Path Group: __VIRTUAL_CLK__
Path Type: min
Corner: Fastest

Fanout     Cap    Slew   Delay    Time   Description
-----------------------------------------------------------------------------
                  0.00    0.00    0.00   clock __VIRTUAL_CLK__ (rise edge)
                          0.00    0.00   clock network delay (ideal)
                          2.00    2.00 ^ input external delay
     1    0.01    0.02    0.01    2.01 ^ op[1] (in)
                                         op[1] (net)
                  0.02    0.00    2.01 ^ input19/A (sky130_fd_sc_hd__buf_6)
     4    0.02    0.04    0.06    2.08 ^ input19/X (sky130_fd_sc_hd__buf_6)
                                         net19 (net)
                  0.04    0.00    2.08 ^ _105_/B (sky130_fd_sc_hd__nor2_4)
     7    0.03    0.03    0.04    2.11 v _105_/Y (sky130_fd_sc_hd__nor2_4)
                                         _039_ (net)
                  0.03    0.00    2.11 v _182_/A1 (sky130_fd_sc_hd__a32o_1)
     1    0.00    0.02    0.10    2.22 v _182_/X (sky130_fd_sc_hd__a32o_1)
                                         alu5.result (net)
                  0.02    0.00    2.22 v _224_/A (sky130_fd_sc_hd__clkbuf_1)
     1    0.00    0.02    0.05    2.27 v _224_/X (sky130_fd_sc_hd__clkbuf_1)
                                         net27 (net)
                  0.02    0.00    2.27 v output27/A (sky130_fd_sc_hd__buf_2)
     1    0.03    0.06    0.11    2.37 v output27/X (sky130_fd_sc_hd__buf_2)
                                         result[5] (net)
                  0.06    0.00    2.37 v result[5] (out)
                                  2.37   data arrival time

                  0.00    0.00    0.00   clock __VIRTUAL_CLK__ (rise edge)
                          0.00    0.00   clock network delay (ideal)
                          0.25    0.25   clock uncertainty
                          0.00    0.25   clock reconvergence pessimism
                         -2.00   -1.75   output external delay
                                 -1.75   data required time
-----------------------------------------------------------------------------
                                 -1.75   data required time
                                 -2.37   data arrival time
-----------------------------------------------------------------------------
                                  4.12   slack (MET)


Startpoint: b[7] (input port clocked by __VIRTUAL_CLK__)
Endpoint: result[7] (output port clocked by __VIRTUAL_CLK__)
Path Group: __VIRTUAL_CLK__
Path Type: min
Corner: Fastest

Fanout     Cap    Slew   Delay    Time   Description
-----------------------------------------------------------------------------
                  0.00    0.00    0.00   clock __VIRTUAL_CLK__ (rise edge)
                          0.00    0.00   clock network delay (ideal)
                          2.00    2.00 v input external delay
     1    0.00    0.01    0.00    2.00 v b[7] (in)
                                         b[7] (net)
                  0.01    0.00    2.00 v input16/A (sky130_fd_sc_hd__buf_1)
     4    0.01    0.05    0.07    2.07 v input16/X (sky130_fd_sc_hd__buf_1)
                                         net16 (net)
                  0.05    0.00    2.07 v _204_/B1 (sky130_fd_sc_hd__o21ai_1)
     1    0.00    0.05    0.05    2.13 ^ _204_/Y (sky130_fd_sc_hd__o21ai_1)
                                         _027_ (net)
                  0.05    0.00    2.13 ^ _209_/A3 (sky130_fd_sc_hd__a31o_1)
     1    0.00    0.03    0.08    2.21 ^ _209_/X (sky130_fd_sc_hd__a31o_1)
                                         alu7.result (net)
                  0.03    0.00    2.21 ^ _226_/A (sky130_fd_sc_hd__clkbuf_1)
     1    0.01    0.07    0.08    2.28 ^ _226_/X (sky130_fd_sc_hd__clkbuf_1)
                                         net29 (net)
                  0.07    0.00    2.28 ^ output29/A (sky130_fd_sc_hd__buf_6)
     1    0.03    0.06    0.09    2.37 ^ output29/X (sky130_fd_sc_hd__buf_6)
                                         result[7] (net)
                  0.06    0.00    2.37 ^ result[7] (out)
                                  2.37   data arrival time

                  0.00    0.00    0.00   clock __VIRTUAL_CLK__ (rise edge)
                          0.00    0.00   clock network delay (ideal)
                          0.25    0.25   clock uncertainty
                          0.00    0.25   clock reconvergence pessimism
                         -2.00   -1.75   output external delay
                                 -1.75   data required time
-----------------------------------------------------------------------------
                                 -1.75   data required time
                                 -2.37   data arrival time
-----------------------------------------------------------------------------
                                  4.12   slack (MET)


Startpoint: op[1] (input port clocked by __VIRTUAL_CLK__)
Endpoint: result[4] (output port clocked by __VIRTUAL_CLK__)
Path Group: __VIRTUAL_CLK__
Path Type: min
Corner: Fastest

Fanout     Cap    Slew   Delay    Time   Description
-----------------------------------------------------------------------------
                  0.00    0.00    0.00   clock __VIRTUAL_CLK__ (rise edge)
                          0.00    0.00   clock network delay (ideal)
                          2.00    2.00 ^ input external delay
     1    0.01    0.02    0.01    2.01 ^ op[1] (in)
                                         op[1] (net)
                  0.02    0.00    2.01 ^ input19/A (sky130_fd_sc_hd__buf_6)
     4    0.02    0.04    0.06    2.08 ^ input19/X (sky130_fd_sc_hd__buf_6)
                                         net19 (net)
                  0.04    0.00    2.08 ^ _105_/B (sky130_fd_sc_hd__nor2_4)
     7    0.03    0.03    0.04    2.11 v _105_/Y (sky130_fd_sc_hd__nor2_4)
                                         _039_ (net)
                  0.03    0.00    2.11 v _167_/A1 (sky130_fd_sc_hd__a32o_1)
     1    0.00    0.02    0.11    2.22 v _167_/X (sky130_fd_sc_hd__a32o_1)
                                         alu4.result (net)
                  0.02    0.00    2.22 v _223_/A (sky130_fd_sc_hd__clkbuf_1)
     1    0.00    0.02    0.05    2.27 v _223_/X (sky130_fd_sc_hd__clkbuf_1)
                                         net26 (net)
                  0.02    0.00    2.27 v output26/A (sky130_fd_sc_hd__buf_2)
     1    0.03    0.06    0.11    2.38 v output26/X (sky130_fd_sc_hd__buf_2)
                                         result[4] (net)
                  0.06    0.00    2.38 v result[4] (out)
                                  2.38   data arrival time

                  0.00    0.00    0.00   clock __VIRTUAL_CLK__ (rise edge)
                          0.00    0.00   clock network delay (ideal)
                          0.25    0.25   clock uncertainty
                          0.00    0.25   clock reconvergence pessimism
                         -2.00   -1.75   output external delay
                                 -1.75   data required time
-----------------------------------------------------------------------------
                                 -1.75   data required time
                                 -2.38   data arrival time
-----------------------------------------------------------------------------
                                  4.13   slack (MET)


Startpoint: op[1] (input port clocked by __VIRTUAL_CLK__)
Endpoint: result[3] (output port clocked by __VIRTUAL_CLK__)
Path Group: __VIRTUAL_CLK__
Path Type: min
Corner: Fastest

Fanout     Cap    Slew   Delay    Time   Description
-----------------------------------------------------------------------------
                  0.00    0.00    0.00   clock __VIRTUAL_CLK__ (rise edge)
                          0.00    0.00   clock network delay (ideal)
                          2.00    2.00 ^ input external delay
     1    0.01    0.02    0.01    2.01 ^ op[1] (in)
                                         op[1] (net)
                  0.02    0.00    2.01 ^ input19/A (sky130_fd_sc_hd__buf_6)
     4    0.02    0.04    0.06    2.08 ^ input19/X (sky130_fd_sc_hd__buf_6)
                                         net19 (net)
                  0.04    0.00    2.08 ^ _105_/B (sky130_fd_sc_hd__nor2_4)
     7    0.03    0.03    0.04    2.11 v _105_/Y (sky130_fd_sc_hd__nor2_4)
                                         _039_ (net)
                  0.03    0.00    2.11 v _154_/A1 (sky130_fd_sc_hd__a32o_1)
     1    0.00    0.02    0.10    2.21 v _154_/X (sky130_fd_sc_hd__a32o_1)
                                         alu3.result (net)
                  0.02    0.00    2.21 v _222_/A (sky130_fd_sc_hd__clkbuf_1)
     1    0.00    0.02    0.05    2.27 v _222_/X (sky130_fd_sc_hd__clkbuf_1)
                                         net25 (net)
                  0.02    0.00    2.27 v output25/A (sky130_fd_sc_hd__clkbuf_4)
     1    0.03    0.06    0.11    2.38 v output25/X (sky130_fd_sc_hd__clkbuf_4)
                                         result[3] (net)
                  0.06    0.00    2.38 v result[3] (out)
                                  2.38   data arrival time

                  0.00    0.00    0.00   clock __VIRTUAL_CLK__ (rise edge)
                          0.00    0.00   clock network delay (ideal)
                          0.25    0.25   clock uncertainty
                          0.00    0.25   clock reconvergence pessimism
                         -2.00   -1.75   output external delay
                                 -1.75   data required time
-----------------------------------------------------------------------------
                                 -1.75   data required time
                                 -2.38   data arrival time
-----------------------------------------------------------------------------
                                  4.13   slack (MET)


Startpoint: op[1] (input port clocked by __VIRTUAL_CLK__)
Endpoint: result[1] (output port clocked by __VIRTUAL_CLK__)
Path Group: __VIRTUAL_CLK__
Path Type: min
Corner: Fastest

Fanout     Cap    Slew   Delay    Time   Description
-----------------------------------------------------------------------------
                  0.00    0.00    0.00   clock __VIRTUAL_CLK__ (rise edge)
                          0.00    0.00   clock network delay (ideal)
                          2.00    2.00 ^ input external delay
     1    0.01    0.02    0.01    2.01 ^ op[1] (in)
                                         op[1] (net)
                  0.02    0.00    2.01 ^ input19/A (sky130_fd_sc_hd__buf_6)
     4    0.02    0.04    0.06    2.08 ^ input19/X (sky130_fd_sc_hd__buf_6)
                                         net19 (net)
                  0.04    0.00    2.08 ^ _105_/B (sky130_fd_sc_hd__nor2_4)
     7    0.03    0.03    0.04    2.11 v _105_/Y (sky130_fd_sc_hd__nor2_4)
                                         _039_ (net)
                  0.03    0.00    2.11 v _127_/A1 (sky130_fd_sc_hd__a32o_1)
     1    0.00    0.02    0.10    2.22 v _127_/X (sky130_fd_sc_hd__a32o_1)
                                         alu1.result (net)
                  0.02    0.00    2.22 v _220_/A (sky130_fd_sc_hd__clkbuf_1)
     1    0.00    0.03    0.06    2.27 v _220_/X (sky130_fd_sc_hd__clkbuf_1)
                                         net23 (net)
                  0.03    0.00    2.27 v output23/A (sky130_fd_sc_hd__buf_2)
     1    0.03    0.06    0.11    2.38 v output23/X (sky130_fd_sc_hd__buf_2)
                                         result[1] (net)
                  0.06    0.00    2.38 v result[1] (out)
                                  2.38   data arrival time

                  0.00    0.00    0.00   clock __VIRTUAL_CLK__ (rise edge)
                          0.00    0.00   clock network delay (ideal)
                          0.25    0.25   clock uncertainty
                          0.00    0.25   clock reconvergence pessimism
                         -2.00   -1.75   output external delay
                                 -1.75   data required time
-----------------------------------------------------------------------------
                                 -1.75   data required time
                                 -2.38   data arrival time
-----------------------------------------------------------------------------
                                  4.13   slack (MET)


Startpoint: op[2] (input port clocked by __VIRTUAL_CLK__)
Endpoint: result[2] (output port clocked by __VIRTUAL_CLK__)
Path Group: __VIRTUAL_CLK__
Path Type: min
Corner: Fastest

Fanout     Cap    Slew   Delay    Time   Description
-----------------------------------------------------------------------------
                  0.00    0.00    0.00   clock __VIRTUAL_CLK__ (rise edge)
                          0.00    0.00   clock network delay (ideal)
                          2.00    2.00 ^ input external delay
     1    0.01    0.02    0.01    2.01 ^ op[2] (in)
                                         op[2] (net)
                  0.02    0.00    2.01 ^ input20/A (sky130_fd_sc_hd__buf_6)
     6    0.02    0.04    0.07    2.08 ^ input20/X (sky130_fd_sc_hd__buf_6)
                                         net20 (net)
                  0.04    0.00    2.08 ^ _141_/A1_N (sky130_fd_sc_hd__o2bb2a_1)
     1    0.00    0.03    0.12    2.21 v _141_/X (sky130_fd_sc_hd__o2bb2a_1)
                                         alu2.result (net)
                  0.03    0.00    2.21 v _221_/A (sky130_fd_sc_hd__clkbuf_1)
     1    0.01    0.03    0.06    2.27 v _221_/X (sky130_fd_sc_hd__clkbuf_1)
                                         net24 (net)
                  0.03    0.00    2.27 v output24/A (sky130_fd_sc_hd__buf_2)
     1    0.03    0.06    0.11    2.38 v output24/X (sky130_fd_sc_hd__buf_2)
                                         result[2] (net)
                  0.06    0.00    2.38 v result[2] (out)
                                  2.38   data arrival time

                  0.00    0.00    0.00   clock __VIRTUAL_CLK__ (rise edge)
                          0.00    0.00   clock network delay (ideal)
                          0.25    0.25   clock uncertainty
                          0.00    0.25   clock reconvergence pessimism
                         -2.00   -1.75   output external delay
                                 -1.75   data required time
-----------------------------------------------------------------------------
                                 -1.75   data required time
                                 -2.38   data arrival time
-----------------------------------------------------------------------------
                                  4.13   slack (MET)


Startpoint: b[0] (input port clocked by __VIRTUAL_CLK__)
Endpoint: result[0] (output port clocked by __VIRTUAL_CLK__)
Path Group: __VIRTUAL_CLK__
Path Type: min
Corner: Fastest

Fanout     Cap    Slew   Delay    Time   Description
-----------------------------------------------------------------------------
                  0.00    0.00    0.00   clock __VIRTUAL_CLK__ (rise edge)
                          0.00    0.00   clock network delay (ideal)
                          2.00    2.00 v input external delay
     1    0.01    0.01    0.00    2.00 v b[0] (in)
                                         b[0] (net)
                  0.01    0.00    2.00 v input9/A (sky130_fd_sc_hd__buf_1)
     5    0.02    0.08    0.09    2.10 v input9/X (sky130_fd_sc_hd__buf_1)
                                         net9 (net)
                  0.08    0.00    2.10 v _108_/B1 (sky130_fd_sc_hd__a21oi_2)
     2    0.01    0.07    0.08    2.18 ^ _108_/Y (sky130_fd_sc_hd__a21oi_2)
                                         _042_ (net)
                  0.07    0.00    2.18 ^ _218_/A1 (sky130_fd_sc_hd__o21bai_1)
     1    0.00    0.02    0.05    2.23 v _218_/Y (sky130_fd_sc_hd__o21bai_1)
                                         alu0.result (net)
                  0.02    0.00    2.23 v _219_/A (sky130_fd_sc_hd__clkbuf_1)
     1    0.00    0.02    0.05    2.28 v _219_/X (sky130_fd_sc_hd__clkbuf_1)
                                         net22 (net)
                  0.02    0.00    2.28 v output22/A (sky130_fd_sc_hd__buf_2)
     1    0.03    0.06    0.11    2.39 v output22/X (sky130_fd_sc_hd__buf_2)
                                         result[0] (net)
                  0.06    0.00    2.39 v result[0] (out)
                                  2.39   data arrival time

                  0.00    0.00    0.00   clock __VIRTUAL_CLK__ (rise edge)
                          0.00    0.00   clock network delay (ideal)
                          0.25    0.25   clock uncertainty
                          0.00    0.25   clock reconvergence pessimism
                         -2.00   -1.75   output external delay
                                 -1.75   data required time
-----------------------------------------------------------------------------
                                 -1.75   data required time
                                 -2.39   data arrival time
-----------------------------------------------------------------------------
                                  4.14   slack (MET)



worst slack corner Fastest: 4.0992
======================= Slowest Corner ===================================

Startpoint: b[7] (input port clocked by __VIRTUAL_CLK__)
Endpoint: cout (output port clocked by __VIRTUAL_CLK__)
Path Group: __VIRTUAL_CLK__
Path Type: min
Corner: Slowest

Fanout     Cap    Slew   Delay    Time   Description
-----------------------------------------------------------------------------
                  0.00    0.00    0.00   clock __VIRTUAL_CLK__ (rise edge)
                          0.00    0.00   clock network delay (ideal)
                          2.00    2.00 ^ input external delay
     1    0.00    0.04    0.02    2.02 ^ b[7] (in)
                                         b[7] (net)
                  0.04    0.00    2.02 ^ input16/A (sky130_fd_sc_hd__buf_1)
     4    0.01    0.24    0.24    2.26 ^ input16/X (sky130_fd_sc_hd__buf_1)
                                         net16 (net)
                  0.24    0.00    2.26 ^ _203_/A (sky130_fd_sc_hd__or3_4)
     2    0.01    0.06    0.27    2.54 ^ _203_/X (sky130_fd_sc_hd__or3_4)
                                         _026_ (net)
                  0.06    0.00    2.54 ^ _213_/A1 (sky130_fd_sc_hd__a21bo_1)
     1    0.01    0.09    0.21    2.75 ^ _213_/X (sky130_fd_sc_hd__a21bo_1)
                                         net21 (net)
                  0.09    0.00    2.75 ^ output21/A (sky130_fd_sc_hd__buf_6)
     1    0.03    0.12    0.22    2.97 ^ output21/X (sky130_fd_sc_hd__buf_6)
                                         cout (net)
                  0.12    0.00    2.97 ^ cout (out)
                                  2.97   data arrival time

                  0.00    0.00    0.00   clock __VIRTUAL_CLK__ (rise edge)
                          0.00    0.00   clock network delay (ideal)
                          0.25    0.25   clock uncertainty
                          0.00    0.25   clock reconvergence pessimism
                         -2.00   -1.75   output external delay
                                 -1.75   data required time
-----------------------------------------------------------------------------
                                 -1.75   data required time
                                 -2.97   data arrival time
-----------------------------------------------------------------------------
                                  4.72   slack (MET)


Startpoint: op[1] (input port clocked by __VIRTUAL_CLK__)
Endpoint: result[7] (output port clocked by __VIRTUAL_CLK__)
Path Group: __VIRTUAL_CLK__
Path Type: min
Corner: Slowest

Fanout     Cap    Slew   Delay    Time   Description
-----------------------------------------------------------------------------
                  0.00    0.00    0.00   clock __VIRTUAL_CLK__ (rise edge)
                          0.00    0.00   clock network delay (ideal)
                          2.00    2.00 ^ input external delay
     1    0.01    0.05    0.03    2.03 ^ op[1] (in)
                                         op[1] (net)
                  0.05    0.00    2.03 ^ input19/A (sky130_fd_sc_hd__buf_6)
     4    0.02    0.08    0.17    2.20 ^ input19/X (sky130_fd_sc_hd__buf_6)
                                         net19 (net)
                  0.08    0.00    2.20 ^ _105_/B (sky130_fd_sc_hd__nor2_4)
     7    0.03    0.08    0.10    2.30 v _105_/Y (sky130_fd_sc_hd__nor2_4)
                                         _039_ (net)
                  0.08    0.00    2.30 v _209_/A2 (sky130_fd_sc_hd__a31o_1)
     1    0.00    0.07    0.35    2.65 v _209_/X (sky130_fd_sc_hd__a31o_1)
                                         alu7.result (net)
                  0.07    0.00    2.65 v _226_/A (sky130_fd_sc_hd__clkbuf_1)
     1    0.01    0.09    0.18    2.83 v _226_/X (sky130_fd_sc_hd__clkbuf_1)
                                         net29 (net)
                  0.09    0.00    2.83 v output29/A (sky130_fd_sc_hd__buf_6)
     1    0.03    0.08    0.25    3.08 v output29/X (sky130_fd_sc_hd__buf_6)
                                         result[7] (net)
                  0.08    0.00    3.08 v result[7] (out)
                                  3.08   data arrival time

                  0.00    0.00    0.00   clock __VIRTUAL_CLK__ (rise edge)
                          0.00    0.00   clock network delay (ideal)
                          0.25    0.25   clock uncertainty
                          0.00    0.25   clock reconvergence pessimism
                         -2.00   -1.75   output external delay
                                 -1.75   data required time
-----------------------------------------------------------------------------
                                 -1.75   data required time
                                 -3.08   data arrival time
-----------------------------------------------------------------------------
                                  4.83   slack (MET)


Startpoint: op[1] (input port clocked by __VIRTUAL_CLK__)
Endpoint: result[3] (output port clocked by __VIRTUAL_CLK__)
Path Group: __VIRTUAL_CLK__
Path Type: min
Corner: Slowest

Fanout     Cap    Slew   Delay    Time   Description
-----------------------------------------------------------------------------
                  0.00    0.00    0.00   clock __VIRTUAL_CLK__ (rise edge)
                          0.00    0.00   clock network delay (ideal)
                          2.00    2.00 ^ input external delay
     1    0.01    0.05    0.03    2.03 ^ op[1] (in)
                                         op[1] (net)
                  0.05    0.00    2.03 ^ input19/A (sky130_fd_sc_hd__buf_6)
     4    0.02    0.08    0.17    2.20 ^ input19/X (sky130_fd_sc_hd__buf_6)
                                         net19 (net)
                  0.08    0.00    2.20 ^ _105_/B (sky130_fd_sc_hd__nor2_4)
     7    0.03    0.08    0.10    2.30 v _105_/Y (sky130_fd_sc_hd__nor2_4)
                                         _039_ (net)
                  0.08    0.00    2.30 v _154_/A1 (sky130_fd_sc_hd__a32o_1)
     1    0.00    0.06    0.37    2.66 v _154_/X (sky130_fd_sc_hd__a32o_1)
                                         alu3.result (net)
                  0.06    0.00    2.66 v _222_/A (sky130_fd_sc_hd__clkbuf_1)
     1    0.00    0.05    0.15    2.82 v _222_/X (sky130_fd_sc_hd__clkbuf_1)
                                         net25 (net)
                  0.05    0.00    2.82 v output25/A (sky130_fd_sc_hd__clkbuf_4)
     1    0.03    0.14    0.30    3.12 v output25/X (sky130_fd_sc_hd__clkbuf_4)
                                         result[3] (net)
                  0.14    0.00    3.12 v result[3] (out)
                                  3.12   data arrival time

                  0.00    0.00    0.00   clock __VIRTUAL_CLK__ (rise edge)
                          0.00    0.00   clock network delay (ideal)
                          0.25    0.25   clock uncertainty
                          0.00    0.25   clock reconvergence pessimism
                         -2.00   -1.75   output external delay
                                 -1.75   data required time
-----------------------------------------------------------------------------
                                 -1.75   data required time
                                 -3.12   data arrival time
-----------------------------------------------------------------------------
                                  4.87   slack (MET)


Startpoint: op[1] (input port clocked by __VIRTUAL_CLK__)
Endpoint: result[6] (output port clocked by __VIRTUAL_CLK__)
Path Group: __VIRTUAL_CLK__
Path Type: min
Corner: Slowest

Fanout     Cap    Slew   Delay    Time   Description
-----------------------------------------------------------------------------
                  0.00    0.00    0.00   clock __VIRTUAL_CLK__ (rise edge)
                          0.00    0.00   clock network delay (ideal)
                          2.00    2.00 ^ input external delay
     1    0.01    0.05    0.03    2.03 ^ op[1] (in)
                                         op[1] (net)
                  0.05    0.00    2.03 ^ input19/A (sky130_fd_sc_hd__buf_6)
     4    0.02    0.08    0.17    2.20 ^ input19/X (sky130_fd_sc_hd__buf_6)
                                         net19 (net)
                  0.08    0.00    2.20 ^ _105_/B (sky130_fd_sc_hd__nor2_4)
     7    0.03    0.08    0.10    2.30 v _105_/Y (sky130_fd_sc_hd__nor2_4)
                                         _039_ (net)
                  0.08    0.00    2.30 v _195_/A1 (sky130_fd_sc_hd__a32o_1)
     1    0.00    0.07    0.37    2.67 v _195_/X (sky130_fd_sc_hd__a32o_1)
                                         alu6.result (net)
                  0.07    0.00    2.67 v _225_/A (sky130_fd_sc_hd__clkbuf_1)
     1    0.00    0.04    0.14    2.81 v _225_/X (sky130_fd_sc_hd__clkbuf_1)
                                         net28 (net)
                  0.04    0.00    2.81 v output28/A (sky130_fd_sc_hd__buf_2)
     1    0.03    0.17    0.32    3.13 v output28/X (sky130_fd_sc_hd__buf_2)
                                         result[6] (net)
                  0.17    0.00    3.13 v result[6] (out)
                                  3.13   data arrival time

                  0.00    0.00    0.00   clock __VIRTUAL_CLK__ (rise edge)
                          0.00    0.00   clock network delay (ideal)
                          0.25    0.25   clock uncertainty
                          0.00    0.25   clock reconvergence pessimism
                         -2.00   -1.75   output external delay
                                 -1.75   data required time
-----------------------------------------------------------------------------
                                 -1.75   data required time
                                 -3.13   data arrival time
-----------------------------------------------------------------------------
                                  4.88   slack (MET)


Startpoint: op[1] (input port clocked by __VIRTUAL_CLK__)
Endpoint: result[5] (output port clocked by __VIRTUAL_CLK__)
Path Group: __VIRTUAL_CLK__
Path Type: min
Corner: Slowest

Fanout     Cap    Slew   Delay    Time   Description
-----------------------------------------------------------------------------
                  0.00    0.00    0.00   clock __VIRTUAL_CLK__ (rise edge)
                          0.00    0.00   clock network delay (ideal)
                          2.00    2.00 ^ input external delay
     1    0.01    0.05    0.03    2.03 ^ op[1] (in)
                                         op[1] (net)
                  0.05    0.00    2.03 ^ input19/A (sky130_fd_sc_hd__buf_6)
     4    0.02    0.08    0.17    2.20 ^ input19/X (sky130_fd_sc_hd__buf_6)
                                         net19 (net)
                  0.08    0.00    2.20 ^ _105_/B (sky130_fd_sc_hd__nor2_4)
     7    0.03    0.08    0.10    2.30 v _105_/Y (sky130_fd_sc_hd__nor2_4)
                                         _039_ (net)
                  0.08    0.00    2.30 v _182_/A1 (sky130_fd_sc_hd__a32o_1)
     1    0.00    0.07    0.38    2.67 v _182_/X (sky130_fd_sc_hd__a32o_1)
                                         alu5.result (net)
                  0.07    0.00    2.67 v _224_/A (sky130_fd_sc_hd__clkbuf_1)
     1    0.00    0.04    0.14    2.82 v _224_/X (sky130_fd_sc_hd__clkbuf_1)
                                         net27 (net)
                  0.04    0.00    2.82 v output27/A (sky130_fd_sc_hd__buf_2)
     1    0.03    0.17    0.32    3.13 v output27/X (sky130_fd_sc_hd__buf_2)
                                         result[5] (net)
                  0.17    0.00    3.13 v result[5] (out)
                                  3.13   data arrival time

                  0.00    0.00    0.00   clock __VIRTUAL_CLK__ (rise edge)
                          0.00    0.00   clock network delay (ideal)
                          0.25    0.25   clock uncertainty
                          0.00    0.25   clock reconvergence pessimism
                         -2.00   -1.75   output external delay
                                 -1.75   data required time
-----------------------------------------------------------------------------
                                 -1.75   data required time
                                 -3.13   data arrival time
-----------------------------------------------------------------------------
                                  4.88   slack (MET)


Startpoint: op[1] (input port clocked by __VIRTUAL_CLK__)
Endpoint: result[4] (output port clocked by __VIRTUAL_CLK__)
Path Group: __VIRTUAL_CLK__
Path Type: min
Corner: Slowest

Fanout     Cap    Slew   Delay    Time   Description
-----------------------------------------------------------------------------
                  0.00    0.00    0.00   clock __VIRTUAL_CLK__ (rise edge)
                          0.00    0.00   clock network delay (ideal)
                          2.00    2.00 ^ input external delay
     1    0.01    0.05    0.03    2.03 ^ op[1] (in)
                                         op[1] (net)
                  0.05    0.00    2.03 ^ input19/A (sky130_fd_sc_hd__buf_6)
     4    0.02    0.08    0.17    2.20 ^ input19/X (sky130_fd_sc_hd__buf_6)
                                         net19 (net)
                  0.08    0.00    2.20 ^ _105_/B (sky130_fd_sc_hd__nor2_4)
     7    0.03    0.08    0.10    2.30 v _105_/Y (sky130_fd_sc_hd__nor2_4)
                                         _039_ (net)
                  0.08    0.00    2.30 v _167_/A1 (sky130_fd_sc_hd__a32o_1)
     1    0.00    0.08    0.38    2.68 v _167_/X (sky130_fd_sc_hd__a32o_1)
                                         alu4.result (net)
                  0.08    0.00    2.68 v _223_/A (sky130_fd_sc_hd__clkbuf_1)
     1    0.00    0.05    0.15    2.83 v _223_/X (sky130_fd_sc_hd__clkbuf_1)
                                         net26 (net)
                  0.05    0.00    2.83 v output26/A (sky130_fd_sc_hd__buf_2)
     1    0.03    0.16    0.32    3.15 v output26/X (sky130_fd_sc_hd__buf_2)
                                         result[4] (net)
                  0.16    0.00    3.15 v result[4] (out)
                                  3.15   data arrival time

                  0.00    0.00    0.00   clock __VIRTUAL_CLK__ (rise edge)
                          0.00    0.00   clock network delay (ideal)
                          0.25    0.25   clock uncertainty
                          0.00    0.25   clock reconvergence pessimism
                         -2.00   -1.75   output external delay
                                 -1.75   data required time
-----------------------------------------------------------------------------
                                 -1.75   data required time
                                 -3.15   data arrival time
-----------------------------------------------------------------------------
                                  4.90   slack (MET)


Startpoint: op[1] (input port clocked by __VIRTUAL_CLK__)
Endpoint: result[1] (output port clocked by __VIRTUAL_CLK__)
Path Group: __VIRTUAL_CLK__
Path Type: min
Corner: Slowest

Fanout     Cap    Slew   Delay    Time   Description
-----------------------------------------------------------------------------
                  0.00    0.00    0.00   clock __VIRTUAL_CLK__ (rise edge)
                          0.00    0.00   clock network delay (ideal)
                          2.00    2.00 ^ input external delay
     1    0.01    0.05    0.03    2.03 ^ op[1] (in)
                                         op[1] (net)
                  0.05    0.00    2.03 ^ input19/A (sky130_fd_sc_hd__buf_6)
     4    0.02    0.08    0.17    2.20 ^ input19/X (sky130_fd_sc_hd__buf_6)
                                         net19 (net)
                  0.08    0.00    2.20 ^ _105_/B (sky130_fd_sc_hd__nor2_4)
     7    0.03    0.08    0.10    2.30 v _105_/Y (sky130_fd_sc_hd__nor2_4)
                                         _039_ (net)
                  0.08    0.00    2.30 v _127_/A1 (sky130_fd_sc_hd__a32o_1)
     1    0.00    0.07    0.37    2.66 v _127_/X (sky130_fd_sc_hd__a32o_1)
                                         alu1.result (net)
                  0.07    0.00    2.66 v _220_/A (sky130_fd_sc_hd__clkbuf_1)
     1    0.00    0.07    0.17    2.83 v _220_/X (sky130_fd_sc_hd__clkbuf_1)
                                         net23 (net)
                  0.07    0.00    2.83 v output23/A (sky130_fd_sc_hd__buf_2)
     1    0.03    0.17    0.33    3.16 v output23/X (sky130_fd_sc_hd__buf_2)
                                         result[1] (net)
                  0.17    0.00    3.16 v result[1] (out)
                                  3.16   data arrival time

                  0.00    0.00    0.00   clock __VIRTUAL_CLK__ (rise edge)
                          0.00    0.00   clock network delay (ideal)
                          0.25    0.25   clock uncertainty
                          0.00    0.25   clock reconvergence pessimism
                         -2.00   -1.75   output external delay
                                 -1.75   data required time
-----------------------------------------------------------------------------
                                 -1.75   data required time
                                 -3.16   data arrival time
-----------------------------------------------------------------------------
                                  4.91   slack (MET)


Startpoint: op[2] (input port clocked by __VIRTUAL_CLK__)
Endpoint: result[2] (output port clocked by __VIRTUAL_CLK__)
Path Group: __VIRTUAL_CLK__
Path Type: min
Corner: Slowest

Fanout     Cap    Slew   Delay    Time   Description
-----------------------------------------------------------------------------
                  0.00    0.00    0.00   clock __VIRTUAL_CLK__ (rise edge)
                          0.00    0.00   clock network delay (ideal)
                          2.00    2.00 ^ input external delay
     1    0.01    0.05    0.03    2.03 ^ op[2] (in)
                                         op[2] (net)
                  0.05    0.00    2.03 ^ input20/A (sky130_fd_sc_hd__buf_6)
     6    0.02    0.09    0.18    2.21 ^ input20/X (sky130_fd_sc_hd__buf_6)
                                         net20 (net)
                  0.09    0.00    2.21 ^ _141_/A1_N (sky130_fd_sc_hd__o2bb2a_1)
     1    0.00    0.09    0.45    2.66 v _141_/X (sky130_fd_sc_hd__o2bb2a_1)
                                         alu2.result (net)
                  0.09    0.00    2.66 v _221_/A (sky130_fd_sc_hd__clkbuf_1)
     1    0.01    0.08    0.19    2.85 v _221_/X (sky130_fd_sc_hd__clkbuf_1)
                                         net24 (net)
                  0.08    0.00    2.85 v output24/A (sky130_fd_sc_hd__buf_2)
     1    0.03    0.17    0.33    3.18 v output24/X (sky130_fd_sc_hd__buf_2)
                                         result[2] (net)
                  0.17    0.00    3.18 v result[2] (out)
                                  3.18   data arrival time

                  0.00    0.00    0.00   clock __VIRTUAL_CLK__ (rise edge)
                          0.00    0.00   clock network delay (ideal)
                          0.25    0.25   clock uncertainty
                          0.00    0.25   clock reconvergence pessimism
                         -2.00   -1.75   output external delay
                                 -1.75   data required time
-----------------------------------------------------------------------------
                                 -1.75   data required time
                                 -3.18   data arrival time
-----------------------------------------------------------------------------
                                  4.93   slack (MET)


Startpoint: op[1] (input port clocked by __VIRTUAL_CLK__)
Endpoint: result[0] (output port clocked by __VIRTUAL_CLK__)
Path Group: __VIRTUAL_CLK__
Path Type: min
Corner: Slowest

Fanout     Cap    Slew   Delay    Time   Description
-----------------------------------------------------------------------------
                  0.00    0.00    0.00   clock __VIRTUAL_CLK__ (rise edge)
                          0.00    0.00   clock network delay (ideal)
                          2.00    2.00 ^ input external delay
     1    0.01    0.05    0.03    2.03 ^ op[1] (in)
                                         op[1] (net)
                  0.05    0.00    2.03 ^ input19/A (sky130_fd_sc_hd__buf_6)
     4    0.02    0.08    0.17    2.20 ^ input19/X (sky130_fd_sc_hd__buf_6)
                                         net19 (net)
                  0.08    0.00    2.20 ^ _113_/A (sky130_fd_sc_hd__or2_4)
     3    0.01    0.09    0.23    2.42 ^ _113_/X (sky130_fd_sc_hd__or2_4)
                                         _047_ (net)
                  0.09    0.00    2.42 ^ _214_/B1 (sky130_fd_sc_hd__a31o_1)
     1    0.00    0.07    0.16    2.59 ^ _214_/X (sky130_fd_sc_hd__a31o_1)
                                         _035_ (net)
                  0.07    0.00    2.59 ^ _218_/A2 (sky130_fd_sc_hd__o21bai_1)
     1    0.00    0.09    0.13    2.71 v _218_/Y (sky130_fd_sc_hd__o21bai_1)
                                         alu0.result (net)
                  0.09    0.00    2.71 v _219_/A (sky130_fd_sc_hd__clkbuf_1)
     1    0.00    0.06    0.17    2.88 v _219_/X (sky130_fd_sc_hd__clkbuf_1)
                                         net22 (net)
                  0.06    0.00    2.88 v output22/A (sky130_fd_sc_hd__buf_2)
     1    0.03    0.17    0.32    3.20 v output22/X (sky130_fd_sc_hd__buf_2)
                                         result[0] (net)
                  0.17    0.00    3.20 v result[0] (out)
                                  3.20   data arrival time

                  0.00    0.00    0.00   clock __VIRTUAL_CLK__ (rise edge)
                          0.00    0.00   clock network delay (ideal)
                          0.25    0.25   clock uncertainty
                          0.00    0.25   clock reconvergence pessimism
                         -2.00   -1.75   output external delay
                                 -1.75   data required time
-----------------------------------------------------------------------------
                                 -1.75   data required time
                                 -3.20   data arrival time
-----------------------------------------------------------------------------
                                  4.95   slack (MET)



worst slack corner Slowest: 4.7166
======================= Typical Corner ===================================

Startpoint: b[7] (input port clocked by __VIRTUAL_CLK__)
Endpoint: cout (output port clocked by __VIRTUAL_CLK__)
Path Group: __VIRTUAL_CLK__
Path Type: min
Corner: Typical

Fanout     Cap    Slew   Delay    Time   Description
-----------------------------------------------------------------------------
                  0.00    0.00    0.00   clock __VIRTUAL_CLK__ (rise edge)
                          0.00    0.00   clock network delay (ideal)
                          2.00    2.00 ^ input external delay
     1    0.00    0.02    0.01    2.01 ^ b[7] (in)
                                         b[7] (net)
                  0.02    0.00    2.01 ^ input16/A (sky130_fd_sc_hd__buf_1)
     4    0.01    0.15    0.14    2.15 ^ input16/X (sky130_fd_sc_hd__buf_1)
                                         net16 (net)
                  0.15    0.00    2.15 ^ _203_/A (sky130_fd_sc_hd__or3_4)
     2    0.01    0.03    0.14    2.29 ^ _203_/X (sky130_fd_sc_hd__or3_4)
                                         _026_ (net)
                  0.03    0.00    2.29 ^ _213_/A1 (sky130_fd_sc_hd__a21bo_1)
     1    0.01    0.06    0.10    2.40 ^ _213_/X (sky130_fd_sc_hd__a21bo_1)
                                         net21 (net)
                  0.06    0.00    2.40 ^ output21/A (sky130_fd_sc_hd__buf_6)
     1    0.03    0.08    0.12    2.52 ^ output21/X (sky130_fd_sc_hd__buf_6)
                                         cout (net)
                  0.08    0.00    2.52 ^ cout (out)
                                  2.52   data arrival time

                  0.00    0.00    0.00   clock __VIRTUAL_CLK__ (rise edge)
                          0.00    0.00   clock network delay (ideal)
                          0.25    0.25   clock uncertainty
                          0.00    0.25   clock reconvergence pessimism
                         -2.00   -1.75   output external delay
                                 -1.75   data required time
-----------------------------------------------------------------------------
                                 -1.75   data required time
                                 -2.52   data arrival time
-----------------------------------------------------------------------------
                                  4.27   slack (MET)


Startpoint: b[7] (input port clocked by __VIRTUAL_CLK__)
Endpoint: result[7] (output port clocked by __VIRTUAL_CLK__)
Path Group: __VIRTUAL_CLK__
Path Type: min
Corner: Typical

Fanout     Cap    Slew   Delay    Time   Description
-----------------------------------------------------------------------------
                  0.00    0.00    0.00   clock __VIRTUAL_CLK__ (rise edge)
                          0.00    0.00   clock network delay (ideal)
                          2.00    2.00 v input external delay
     1    0.00    0.01    0.01    2.01 v b[7] (in)
                                         b[7] (net)
                  0.01    0.00    2.01 v input16/A (sky130_fd_sc_hd__buf_1)
     4    0.01    0.07    0.11    2.11 v input16/X (sky130_fd_sc_hd__buf_1)
                                         net16 (net)
                  0.07    0.00    2.11 v _204_/B1 (sky130_fd_sc_hd__o21ai_1)
     1    0.00    0.08    0.08    2.19 ^ _204_/Y (sky130_fd_sc_hd__o21ai_1)
                                         _027_ (net)
                  0.08    0.00    2.19 ^ _209_/A3 (sky130_fd_sc_hd__a31o_1)
     1    0.00    0.04    0.14    2.33 ^ _209_/X (sky130_fd_sc_hd__a31o_1)
                                         alu7.result (net)
                  0.04    0.00    2.33 ^ _226_/A (sky130_fd_sc_hd__clkbuf_1)
     1    0.01    0.10    0.11    2.44 ^ _226_/X (sky130_fd_sc_hd__clkbuf_1)
                                         net29 (net)
                  0.10    0.00    2.44 ^ output29/A (sky130_fd_sc_hd__buf_6)
     1    0.03    0.08    0.14    2.58 ^ output29/X (sky130_fd_sc_hd__buf_6)
                                         result[7] (net)
                  0.08    0.00    2.58 ^ result[7] (out)
                                  2.58   data arrival time

                  0.00    0.00    0.00   clock __VIRTUAL_CLK__ (rise edge)
                          0.00    0.00   clock network delay (ideal)
                          0.25    0.25   clock uncertainty
                          0.00    0.25   clock reconvergence pessimism
                         -2.00   -1.75   output external delay
                                 -1.75   data required time
-----------------------------------------------------------------------------
                                 -1.75   data required time
                                 -2.58   data arrival time
-----------------------------------------------------------------------------
                                  4.33   slack (MET)


Startpoint: op[2] (input port clocked by __VIRTUAL_CLK__)
Endpoint: result[2] (output port clocked by __VIRTUAL_CLK__)
Path Group: __VIRTUAL_CLK__
Path Type: min
Corner: Typical

Fanout     Cap    Slew   Delay    Time   Description
-----------------------------------------------------------------------------
                  0.00    0.00    0.00   clock __VIRTUAL_CLK__ (rise edge)
                          0.00    0.00   clock network delay (ideal)
                          2.00    2.00 ^ input external delay
     1    0.01    0.03    0.02    2.02 ^ op[2] (in)
                                         op[2] (net)
                  0.03    0.00    2.02 ^ input20/A (sky130_fd_sc_hd__buf_6)
     6    0.02    0.06    0.10    2.12 ^ input20/X (sky130_fd_sc_hd__buf_6)
                                         net20 (net)
                  0.06    0.00    2.12 ^ _141_/A1_N (sky130_fd_sc_hd__o2bb2a_1)
     1    0.00    0.05    0.21    2.33 v _141_/X (sky130_fd_sc_hd__o2bb2a_1)
                                         alu2.result (net)
                  0.05    0.00    2.33 v _221_/A (sky130_fd_sc_hd__clkbuf_1)
     1    0.01    0.04    0.10    2.43 v _221_/X (sky130_fd_sc_hd__clkbuf_1)
                                         net24 (net)
                  0.04    0.00    2.43 v output24/A (sky130_fd_sc_hd__buf_2)
     1    0.03    0.09    0.17    2.60 v output24/X (sky130_fd_sc_hd__buf_2)
                                         result[2] (net)
                  0.09    0.00    2.60 v result[2] (out)
                                  2.60   data arrival time

                  0.00    0.00    0.00   clock __VIRTUAL_CLK__ (rise edge)
                          0.00    0.00   clock network delay (ideal)
                          0.25    0.25   clock uncertainty
                          0.00    0.25   clock reconvergence pessimism
                         -2.00   -1.75   output external delay
                                 -1.75   data required time
-----------------------------------------------------------------------------
                                 -1.75   data required time
                                 -2.60   data arrival time
-----------------------------------------------------------------------------
                                  4.35   slack (MET)


Startpoint: b[5] (input port clocked by __VIRTUAL_CLK__)
Endpoint: result[5] (output port clocked by __VIRTUAL_CLK__)
Path Group: __VIRTUAL_CLK__
Path Type: min
Corner: Typical

Fanout     Cap    Slew   Delay    Time   Description
-----------------------------------------------------------------------------
                  0.00    0.00    0.00   clock __VIRTUAL_CLK__ (rise edge)
                          0.00    0.00   clock network delay (ideal)
                          2.00    2.00 v input external delay
     1    0.00    0.01    0.00    2.00 v b[5] (in)
                                         b[5] (net)
                  0.01    0.00    2.00 v input14/A (sky130_fd_sc_hd__buf_1)
     5    0.01    0.09    0.12    2.12 v input14/X (sky130_fd_sc_hd__buf_1)
                                         net14 (net)
                  0.09    0.00    2.12 v _177_/A (sky130_fd_sc_hd__nand2_1)
     1    0.00    0.04    0.07    2.19 ^ _177_/Y (sky130_fd_sc_hd__nand2_1)
                                         _002_ (net)
                  0.04    0.00    2.19 ^ _182_/A3 (sky130_fd_sc_hd__a32o_1)
     1    0.00    0.05    0.15    2.34 ^ _182_/X (sky130_fd_sc_hd__a32o_1)
                                         alu5.result (net)
                  0.05    0.00    2.34 ^ _224_/A (sky130_fd_sc_hd__clkbuf_1)
     1    0.00    0.04    0.07    2.41 ^ _224_/X (sky130_fd_sc_hd__clkbuf_1)
                                         net27 (net)
                  0.04    0.00    2.41 ^ output27/A (sky130_fd_sc_hd__buf_2)
     1    0.03    0.17    0.18    2.60 ^ output27/X (sky130_fd_sc_hd__buf_2)
                                         result[5] (net)
                  0.17    0.00    2.60 ^ result[5] (out)
                                  2.60   data arrival time

                  0.00    0.00    0.00   clock __VIRTUAL_CLK__ (rise edge)
                          0.00    0.00   clock network delay (ideal)
                          0.25    0.25   clock uncertainty
                          0.00    0.25   clock reconvergence pessimism
                         -2.00   -1.75   output external delay
                                 -1.75   data required time
-----------------------------------------------------------------------------
                                 -1.75   data required time
                                 -2.60   data arrival time
-----------------------------------------------------------------------------
                                  4.35   slack (MET)


Startpoint: b[3] (input port clocked by __VIRTUAL_CLK__)
Endpoint: result[3] (output port clocked by __VIRTUAL_CLK__)
Path Group: __VIRTUAL_CLK__
Path Type: min
Corner: Typical

Fanout     Cap    Slew   Delay    Time   Description
-----------------------------------------------------------------------------
                  0.00    0.00    0.00   clock __VIRTUAL_CLK__ (rise edge)
                          0.00    0.00   clock network delay (ideal)
                          2.00    2.00 v input external delay
     1    0.00    0.01    0.01    2.01 v b[3] (in)
                                         b[3] (net)
                  0.01    0.00    2.01 v input12/A (sky130_fd_sc_hd__buf_1)
     5    0.01    0.09    0.12    2.12 v input12/X (sky130_fd_sc_hd__buf_1)
                                         net12 (net)
                  0.09    0.00    2.13 v _149_/A (sky130_fd_sc_hd__nand2_1)
     1    0.00    0.05    0.07    2.20 ^ _149_/Y (sky130_fd_sc_hd__nand2_1)
                                         _081_ (net)
                  0.05    0.00    2.20 ^ _154_/A3 (sky130_fd_sc_hd__a32o_1)
     1    0.00    0.05    0.14    2.34 ^ _154_/X (sky130_fd_sc_hd__a32o_1)
                                         alu3.result (net)
                  0.05    0.00    2.34 ^ _222_/A (sky130_fd_sc_hd__clkbuf_1)
     1    0.00    0.05    0.08    2.42 ^ _222_/X (sky130_fd_sc_hd__clkbuf_1)
                                         net25 (net)
                  0.05    0.00    2.42 ^ output25/A (sky130_fd_sc_hd__clkbuf_4)
     1    0.03    0.11    0.18    2.60 ^ output25/X (sky130_fd_sc_hd__clkbuf_4)
                                         result[3] (net)
                  0.11    0.00    2.60 ^ result[3] (out)
                                  2.60   data arrival time

                  0.00    0.00    0.00   clock __VIRTUAL_CLK__ (rise edge)
                          0.00    0.00   clock network delay (ideal)
                          0.25    0.25   clock uncertainty
                          0.00    0.25   clock reconvergence pessimism
                         -2.00   -1.75   output external delay
                                 -1.75   data required time
-----------------------------------------------------------------------------
                                 -1.75   data required time
                                 -2.60   data arrival time
-----------------------------------------------------------------------------
                                  4.35   slack (MET)


Startpoint: op[1] (input port clocked by __VIRTUAL_CLK__)
Endpoint: result[6] (output port clocked by __VIRTUAL_CLK__)
Path Group: __VIRTUAL_CLK__
Path Type: min
Corner: Typical

Fanout     Cap    Slew   Delay    Time   Description
-----------------------------------------------------------------------------
                  0.00    0.00    0.00   clock __VIRTUAL_CLK__ (rise edge)
                          0.00    0.00   clock network delay (ideal)
                          2.00    2.00 ^ input external delay
     1    0.01    0.03    0.02    2.02 ^ op[1] (in)
                                         op[1] (net)
                  0.03    0.00    2.02 ^ input19/A (sky130_fd_sc_hd__buf_6)
     4    0.02    0.05    0.09    2.11 ^ input19/X (sky130_fd_sc_hd__buf_6)
                                         net19 (net)
                  0.05    0.00    2.11 ^ _105_/B (sky130_fd_sc_hd__nor2_4)
     7    0.03    0.04    0.05    2.17 v _105_/Y (sky130_fd_sc_hd__nor2_4)
                                         _039_ (net)
                  0.04    0.00    2.17 v _195_/A1 (sky130_fd_sc_hd__a32o_1)
     1    0.00    0.04    0.20    2.37 v _195_/X (sky130_fd_sc_hd__a32o_1)
                                         alu6.result (net)
                  0.04    0.00    2.37 v _225_/A (sky130_fd_sc_hd__clkbuf_1)
     1    0.00    0.02    0.08    2.44 v _225_/X (sky130_fd_sc_hd__clkbuf_1)
                                         net28 (net)
                  0.02    0.00    2.44 v output28/A (sky130_fd_sc_hd__buf_2)
     1    0.03    0.09    0.16    2.61 v output28/X (sky130_fd_sc_hd__buf_2)
                                         result[6] (net)
                  0.09    0.00    2.61 v result[6] (out)
                                  2.61   data arrival time

                  0.00    0.00    0.00   clock __VIRTUAL_CLK__ (rise edge)
                          0.00    0.00   clock network delay (ideal)
                          0.25    0.25   clock uncertainty
                          0.00    0.25   clock reconvergence pessimism
                         -2.00   -1.75   output external delay
                                 -1.75   data required time
-----------------------------------------------------------------------------
                                 -1.75   data required time
                                 -2.61   data arrival time
-----------------------------------------------------------------------------
                                  4.36   slack (MET)


Startpoint: op[1] (input port clocked by __VIRTUAL_CLK__)
Endpoint: result[4] (output port clocked by __VIRTUAL_CLK__)
Path Group: __VIRTUAL_CLK__
Path Type: min
Corner: Typical

Fanout     Cap    Slew   Delay    Time   Description
-----------------------------------------------------------------------------
                  0.00    0.00    0.00   clock __VIRTUAL_CLK__ (rise edge)
                          0.00    0.00   clock network delay (ideal)
                          2.00    2.00 ^ input external delay
     1    0.01    0.03    0.02    2.02 ^ op[1] (in)
                                         op[1] (net)
                  0.03    0.00    2.02 ^ input19/A (sky130_fd_sc_hd__buf_6)
     4    0.02    0.05    0.09    2.11 ^ input19/X (sky130_fd_sc_hd__buf_6)
                                         net19 (net)
                  0.05    0.00    2.11 ^ _105_/B (sky130_fd_sc_hd__nor2_4)
     7    0.03    0.04    0.05    2.17 v _105_/Y (sky130_fd_sc_hd__nor2_4)
                                         _039_ (net)
                  0.04    0.00    2.17 v _167_/A1 (sky130_fd_sc_hd__a32o_1)
     1    0.00    0.04    0.21    2.37 v _167_/X (sky130_fd_sc_hd__a32o_1)
                                         alu4.result (net)
                  0.04    0.00    2.37 v _223_/A (sky130_fd_sc_hd__clkbuf_1)
     1    0.00    0.02    0.08    2.45 v _223_/X (sky130_fd_sc_hd__clkbuf_1)
                                         net26 (net)
                  0.02    0.00    2.45 v output26/A (sky130_fd_sc_hd__buf_2)
     1    0.03    0.09    0.16    2.62 v output26/X (sky130_fd_sc_hd__buf_2)
                                         result[4] (net)
                  0.09    0.00    2.62 v result[4] (out)
                                  2.62   data arrival time

                  0.00    0.00    0.00   clock __VIRTUAL_CLK__ (rise edge)
                          0.00    0.00   clock network delay (ideal)
                          0.25    0.25   clock uncertainty
                          0.00    0.25   clock reconvergence pessimism
                         -2.00   -1.75   output external delay
                                 -1.75   data required time
-----------------------------------------------------------------------------
                                 -1.75   data required time
                                 -2.62   data arrival time
-----------------------------------------------------------------------------
                                  4.37   slack (MET)


Startpoint: op[1] (input port clocked by __VIRTUAL_CLK__)
Endpoint: result[1] (output port clocked by __VIRTUAL_CLK__)
Path Group: __VIRTUAL_CLK__
Path Type: min
Corner: Typical

Fanout     Cap    Slew   Delay    Time   Description
-----------------------------------------------------------------------------
                  0.00    0.00    0.00   clock __VIRTUAL_CLK__ (rise edge)
                          0.00    0.00   clock network delay (ideal)
                          2.00    2.00 ^ input external delay
     1    0.01    0.03    0.02    2.02 ^ op[1] (in)
                                         op[1] (net)
                  0.03    0.00    2.02 ^ input19/A (sky130_fd_sc_hd__buf_6)
     4    0.02    0.05    0.09    2.11 ^ input19/X (sky130_fd_sc_hd__buf_6)
                                         net19 (net)
                  0.05    0.00    2.11 ^ _105_/B (sky130_fd_sc_hd__nor2_4)
     7    0.03    0.04    0.05    2.17 v _105_/Y (sky130_fd_sc_hd__nor2_4)
                                         _039_ (net)
                  0.04    0.00    2.17 v _127_/A1 (sky130_fd_sc_hd__a32o_1)
     1    0.00    0.04    0.20    2.36 v _127_/X (sky130_fd_sc_hd__a32o_1)
                                         alu1.result (net)
                  0.04    0.00    2.36 v _220_/A (sky130_fd_sc_hd__clkbuf_1)
     1    0.00    0.04    0.09    2.45 v _220_/X (sky130_fd_sc_hd__clkbuf_1)
                                         net23 (net)
                  0.04    0.00    2.45 v output23/A (sky130_fd_sc_hd__buf_2)
     1    0.03    0.09    0.17    2.62 v output23/X (sky130_fd_sc_hd__buf_2)
                                         result[1] (net)
                  0.09    0.00    2.62 v result[1] (out)
                                  2.62   data arrival time

                  0.00    0.00    0.00   clock __VIRTUAL_CLK__ (rise edge)
                          0.00    0.00   clock network delay (ideal)
                          0.25    0.25   clock uncertainty
                          0.00    0.25   clock reconvergence pessimism
                         -2.00   -1.75   output external delay
                                 -1.75   data required time
-----------------------------------------------------------------------------
                                 -1.75   data required time
                                 -2.62   data arrival time
-----------------------------------------------------------------------------
                                  4.37   slack (MET)


Startpoint: op[1] (input port clocked by __VIRTUAL_CLK__)
Endpoint: result[0] (output port clocked by __VIRTUAL_CLK__)
Path Group: __VIRTUAL_CLK__
Path Type: min
Corner: Typical

Fanout     Cap    Slew   Delay    Time   Description
-----------------------------------------------------------------------------
                  0.00    0.00    0.00   clock __VIRTUAL_CLK__ (rise edge)
                          0.00    0.00   clock network delay (ideal)
                          2.00    2.00 ^ input external delay
     1    0.01    0.03    0.02    2.02 ^ op[1] (in)
                                         op[1] (net)
                  0.03    0.00    2.02 ^ input19/A (sky130_fd_sc_hd__buf_6)
     4    0.02    0.05    0.09    2.11 ^ input19/X (sky130_fd_sc_hd__buf_6)
                                         net19 (net)
                  0.05    0.00    2.11 ^ _113_/A (sky130_fd_sc_hd__or2_4)
     3    0.01    0.06    0.12    2.24 ^ _113_/X (sky130_fd_sc_hd__or2_4)
                                         _047_ (net)
                  0.06    0.00    2.24 ^ _214_/B1 (sky130_fd_sc_hd__a31o_1)
     1    0.00    0.04    0.09    2.32 ^ _214_/X (sky130_fd_sc_hd__a31o_1)
                                         _035_ (net)
                  0.04    0.00    2.32 ^ _218_/A2 (sky130_fd_sc_hd__o21bai_1)
     1    0.00    0.04    0.06    2.38 v _218_/Y (sky130_fd_sc_hd__o21bai_1)
                                         alu0.result (net)
                  0.04    0.00    2.38 v _219_/A (sky130_fd_sc_hd__clkbuf_1)
     1    0.00    0.03    0.08    2.46 v _219_/X (sky130_fd_sc_hd__clkbuf_1)
                                         net22 (net)
                  0.03    0.00    2.46 v output22/A (sky130_fd_sc_hd__buf_2)
     1    0.03    0.09    0.17    2.63 v output22/X (sky130_fd_sc_hd__buf_2)
                                         result[0] (net)
                  0.09    0.00    2.63 v result[0] (out)
                                  2.63   data arrival time

                  0.00    0.00    0.00   clock __VIRTUAL_CLK__ (rise edge)
                          0.00    0.00   clock network delay (ideal)
                          0.25    0.25   clock uncertainty
                          0.00    0.25   clock reconvergence pessimism
                         -2.00   -1.75   output external delay
                                 -1.75   data required time
-----------------------------------------------------------------------------
                                 -1.75   data required time
                                 -2.63   data arrival time
-----------------------------------------------------------------------------
                                  4.38   slack (MET)



worst slack corner Typical: 4.2710
